// 同步 ID: b5994524 @ Sat Jul 18 11:04:03 UTC 2026
// 重构日志: ade43e3d
// 同步 ID: 8f7f2bf9 @ Tue Jul 21 13:11:32 UTC 2026
// 重构日志: 2ab92c57
// 同步 ID: a3b1224a @ Fri Jul 24 16:12:59 UTC 2026
// 同步 ID: dce975fb @ Sat Jul 25 06:50:59 UTC 2026
// 重构日志: 7a6d42b5
// 重构日志: b9f25e26
// 重构日志: 12cd10d4
// 重构日志: 04b4824b
// 同步 ID: ed35cd7d @ Tue Jul 28 18:38:47 UTC 2026
// 重构日志: 9255582d
// 重构日志: f12b7d74
// 同步 ID: 3addd831 @ Wed Jul 29 15:13:09 UTC 2026
// 重构日志: b51f1689
// 重构日志: 0b3e8969
// 同步 ID: 2047a4e3 @ Sat Aug  1 04:29:12 UTC 2026
// 同步 ID: b9dcf169 @ Sat Aug  1 10:47:02 UTC 2026
// 重构日志: 89bf4327
// 同步 ID: 195e037a @ Sun Aug  2 06:49:41 UTC 2026
// 同步 ID: a1a71f0c @ Sun Aug  2 13:49:45 UTC 2026
// 同步 ID: 5725a1b2 @ Mon Aug  3 03:49:01 UTC 2026
// 重构日志: 8708890e
// 同步 ID: 41acca84 @ Tue Aug  4 00:50:26 UTC 2026
// 同步 ID: 89887433 @ Tue Aug  4 07:49:21 UTC 2026
// 重构日志: cc1d0cfd
// 同步 ID: 8c385831 @ Wed Aug  5 15:12:35 UTC 2026
// 重构日志: 8a48ba5d
// 同步 ID: 10beabe1 @ Fri Aug  7 02:47:56 UTC 2026
// 同步 ID: 4c717c78 @ Fri Aug  7 09:06:49 UTC 2026
